==> 1. generate project
    作業木の汚れ(deploy-dirt rc=1):
 M tools/build.sh
    版: 6d628cd-dirty
    番号: 63
==> 1b. 机から既定の接続先を貰って刻む
    種: 刻んだ(指紋 919c6e09057e0de1)。URL も鍵も此処には出さない
==> 2. locate the wildcard provisioning profile
    profile expires 2027-06-06T04:04:42Z
==> 3. locate the signing identity
==> 4. build (unsigned)
==> 5. sign
    signed: /Users/tomtim/Infra/mobile-work/ios/build/signed/RemoteMini.app
    通知の行き先: remotemini:// (焼き上がった app に在る)
    種: 焼き上がった app にも同じ物が入っている(指紋 919c6e09057e0de1)
    変異20本の全走行: 記録と現在のバイトが一致
==> 6. install
00:09:06  Acquired tunnel connection to device.
00:09:06  Enabling developer disk image services.
00:09:16  Acquired usage assertion.
App installed:
• bundleID: com.tomarai.remotemini
• installationURL: file:///private/var/containers/Bundle/Application/1846D5FE-536F-4A06-9548-31A23BABFD73/RemoteMini.app/
• launchServicesIdentifier: unknown
• databaseUUID: 58074AB1-025E-4C5B-9742-152DFD52509E
• databaseSequenceNumber: 8028
• options: 
==> installed (attempt 1)
