★--only C(族 C): 21/197 件だけ回す = **全件の緑ではない**

対照 OK: 無変異=緑 / 故意に壊した木=赤。以降の判定は意味を持つ

[1/21] 0s C1 ★許可一覧を拒否一覧へ退化させる(危険な語が無ければ良性と認める)
[2/21] 65s C2 hard-stop の網を空にする(断る理由の欄が死ぬ)
[3/21] 130s C3 入力欄が描かれた画面でも良性と認める(menuAt の唯一の材料が壊れても進む)
[4/21] 196s C4 番号行1つでメニューを成立させる(自分の本文1行が選択肢に化ける)
[5/21] 261s C5 履歴側の番号行を除外しない(こだまをメニューとして読む)
[6/21] 327s C6 数字を literal で送らない(tmux が繰り返し回数と読みうる綴りへ戻す)
[7/21] 392s C7 ★注入器が分類器を通らない(方針が正しくても打ってしまう繋ぎ目)
[8/21] 464s C8 指紋の突き合わせを外す(見た画面と押す画面が別でも通る)
[9/21] 529s C9 選択待ちでない画面への打鍵を止めない
[10/21] 594s C10 Escape の後の静穏を外す(次の打鍵が Alt シーケンスに読まれうる)
[11/21] 660s C11 打鍵を「効いた」と決め打つ(送信を効果と読む)
[12/21] 725s C12 打鍵が鍵を通らない(2人が同じメニューを見て両方押す)
[13/21] 791s C13 指紋なしの打鍵を 400 で止めない
[14/21] 856s C14 ★hard-stop を許可一覧の後ろへ戻す(両方に当たる画面が良性へ倒れる)
[15/21] 921s C15 ★matcher を字面2つだけの v1 へ戻す(選択肢の形を見ない)
[16/21] 987s C16 存在しない番号でも打つ(5択へ 7 を流す)
[17/21] 1052s C17 ★同じ指紋へ何度でも打つ(撃ち直しが次の画面へ流れる)
[18/21] 1124s C18 着地した画面をサーバが伏せる(「動いた」しか電話に届かない)
[19/21] 1189s C19 ★動きを見ずに二度打ち止めを解除する(撃ち直しが次の画面へ流れる)
[20/21] 1260s C20 二度打ち止めを一度も解除しない(同じ形のメニューへ生涯1回しか打てない)
[21/21] 1326s C21 メニューを離れたのを見ても解除しない(消し所①が死ぬ)
変異                                           | 結果         | unit       | e2e
C1 ★許可一覧を拒否一覧へ退化させる(危険な語が無ければ良性と認める)         | 検出           | unit落ちる    | e2e通る
C2 hard-stop の網を空にする(断る理由の欄が死ぬ)              | 検出           | unit落ちる    | e2e落ちる
C3 入力欄が描かれた画面でも良性と認める(menuAt の唯一の材料が壊れても進む)  | 検出           | unit落ちる    | e2e通る
C4 番号行1つでメニューを成立させる(自分の本文1行が選択肢に化ける)         | 検出           | unit落ちる    | e2e通る
C5 履歴側の番号行を除外しない(こだまをメニューとして読む)              | 検出           | unit落ちる    | e2e通る
C6 数字を literal で送らない(tmux が繰り返し回数と読みうる綴りへ戻す) | 検出           | unit落ちる    | e2e落ちる
C7 ★注入器が分類器を通らない(方針が正しくても打ってしまう繋ぎ目)          | 検出           | unit落ちる    | e2e落ちる
C8 指紋の突き合わせを外す(見た画面と押す画面が別でも通る)              | 検出           | unit落ちる    | e2e落ちる
C9 選択待ちでない画面への打鍵を止めない                        | 検出           | unit落ちる    | e2e通る
C10 Escape の後の静穏を外す(次の打鍵が Alt シーケンスに読まれうる)   | 検出           | unit落ちる    | e2e通る
C11 打鍵を「効いた」と決め打つ(送信を効果と読む)                  | 検出           | unit落ちる    | e2e落ちる
C12 打鍵が鍵を通らない(2人が同じメニューを見て両方押す)              | 検出           | unit落ちる    | e2e通る
C13 指紋なしの打鍵を 400 で止めない                       | 検出           | unit通る     | e2e落ちる
C14 ★hard-stop を許可一覧の後ろへ戻す(両方に当たる画面が良性へ倒れる)  | 検出           | unit落ちる    | e2e通る
C15 ★matcher を字面2つだけの v1 へ戻す(選択肢の形を見ない)      | 検出           | unit落ちる    | e2e通る
C16 存在しない番号でも打つ(5択へ 7 を流す)                   | 検出           | unit落ちる    | e2e落ちる
C17 ★同じ指紋へ何度でも打つ(撃ち直しが次の画面へ流れる)              | 検出           | unit落ちる    | e2e落ちる
C18 着地した画面をサーバが伏せる(「動いた」しか電話に届かない)           | 検出           | unit通る     | e2e落ちる
C19 ★動きを見ずに二度打ち止めを解除する(撃ち直しが次の画面へ流れる)        | 検出           | unit落ちる    | e2e落ちる
C20 二度打ち止めを一度も解除しない(同じ形のメニューへ生涯1回しか打てない)     | 検出           | unit落ちる    | e2e通る
C21 メニューを離れたのを見ても解除しない(消し所①が死ぬ)              | 検出           | unit落ちる    | e2e通る

検出はすべて要約行つき(= 何件がどう落ちたかまで読めている)

素通りした変異: なし
