# build.sh --sim の指紋 対照 — 2026-08-07

## 素の木
=== build.sh --sim の指紋 対照 ===
  OK   指紋を xcodebuild より前に取っている(走らせた木の指紋になる)
  OK   指紋の式を build.sh から切り出せた(2 行、写しは持たない)
  OK   砂場の木で指紋が出る(32bd4c6cd9b0)
  OK   Sources の中身を変えると指紋が動く
  OK   Tests の中身を変えると指紋が動く
  OK   UITests の中身を変えると指紋が動く
  OK   戻すと指紋も戻る(上の3件は本当にその変更で動いていた)
  OK   触っただけ(mtime のみ)では指紋が動かない = 中身を測っている
  OK   陰性対照: 範囲から UITests を落とすと UITests の変更が見えなくなる(4 は効いている)

=== 合計: OK 9 / NG 0 ===
exit=0

## 陰性対照(変異を build.sh へ植えて、狙った行が本当に赤くなるかを見る)

### 変異1: 指紋を xcodebuild の**後**に移す
  NG   指紋を xcodebuild より前に取っている
=== 合計: OK 8 / NG 1 ===

### 変異2: 範囲から UITests を落とす
  NG   UITests の中身を変えると指紋が動く
=== 合計: OK 8 / NG 1 ===

### 変異3: 中身でなく mtime を測る(2回回して同じ物が出る事を見る)
-- 1 回目
  NG   Sources の中身を変えると指紋が動く
  NG   Tests の中身を変えると指紋が動く
  NG   UITests の中身を変えると指紋が動く
  NG   触っただけでは指紋が動かない
=== 合計: OK 5 / NG 4 ===
-- 2 回目
  NG   Sources の中身を変えると指紋が動く
  NG   Tests の中身を変えると指紋が動く
  NG   UITests の中身を変えると指紋が動く
  NG   触っただけでは指紋が動かない
=== 合計: OK 5 / NG 4 ===
