=== 基準(壊す前)===
    緑    0. 土台(単体一式)
    緑    1-a. §5-1 一覧が先(実装経路)
    緑    1-b. §5-1 一覧が先(画面の検査)
    緑    2-a. §5-2 読める・打てる(実装経路)
    緑    2-b. §5-2 読める・打てる(検査)
    緑    3. §5-3 その場で直す(BUSY で両方生きている)
    緑    5-a. §5-5 切断を跨ぐ(机の上の検査)
    未測定 5-b. Day 7 第3脚(再起動を挟む)
    未測定 5-c. Day 7 第1・2脚(実回線)
    緑    6-a. §5-6 待たされない(定数)
    緑    6-b. §5-6 待たされない(検査)
    未測定 6-c. §5-6 電話の側の体感
    緑    7. §5-7 所有して拡張できる
    赤    9. §5-9 期限性(渡米後も作れる)
    未測定 10. 証跡 sprint6-acceptance.md
    未測定を緑にも赤にも丸めない。5-c と 6-c は Tom の iPhone が要る(HANDOFF §4 の 8-a / 8-b)。

=== 対照 ===
  OK   0 行目 指紋の不一致 -> 未測定
  OK   0 行目 指紋が無い -> 未測定
  OK   指紋の不一致 -> log 頼りの 5 行が全部 未測定
  OK   1-a 通常経路が ConversationView を直に出す -> 赤
  OK   1-a normalFlow を見失う -> 緑にせず未測定
  OK   1-b 検査は在るが log に passed が無い -> 赤
  OK   2-a ViewModel が SendClient を持たない -> 赤
  OK   3 BUSY の検査が1本消える -> 赤
  OK   6-a writeTimeout の改名(接尾辞) -> 赤
  OK   6-c DESIGN §8-10 が消える -> 赤
  OK   7 Apple 標準でない import -> 赤
  OK   7 Package.resolved が在る -> 赤
  OK   10 証跡に未測定の行が無い -> 赤
  OK   10 証跡が実在しない検査名を引く -> 赤

=== 合計: OK 14 / NG 0 ===
  作業木は走らせる前と同一(git status の差 0 行、観測値)
EXIT=0
