=== Sprint 6.5(spec §6 Day 7)DoD 照合 (2026-08-07 01:14:00) ===
  REQUIREMENTS §5 の v1 該当分 = #1-3 / #5-7 / #9
  (#4 = 通知は wildcard profile が entitlement を運べない、#8 = アカウント切替は v1 対象外。
   どちらも Tom 逐語の v1 4項目の外。spec §7 に v2 候補として在る)

  緑    0. 土台(単体一式)
        log 最大 370 件 / 失敗 0 / 原稿の指紋 a219aea78e19 が一致
  緑    1-a. §5-1 一覧が先(実装経路)
        normalFlow は ListView のみ、会話は ListView の NavigationLink 経由だけ
  緑    1-b. §5-1 一覧が先(画面の検査)
        3 本、全部が disk に在り同じ log に passed。一覧の3状態(通常・障害・空)を画面ごと見ている
  緑    2-a. §5-2 読める・打てる(実装経路)
        取得・併合・送信の3つが在り、ViewModel が送信を持っている
  緑    2-b. §5-2 読める・打てる(検査)
        4 本、全部が disk に在り同じ log に passed。3 役の表示・以前を読む・打ち切り印の在無
  緑    3. §5-3 その場で直す(BUSY で両方生きている)
        3 本、全部が disk に在り同じ log に passed。画面1本 + 単体2本。Tom の裁定そのもの
  緑    5-a. §5-5 切断を跨ぐ(机の上の検査)
        6 本、全部が disk に在り同じ log に passed。欠落の理由9種・欠落通知・自動再同期の1回性・前面復帰の再取得
  緑    5-b. Day 7 第3脚(再起動を挟む)
        対照を実際に回して 0。末尾: PASS  本物は緑、連番に戻すと赤(負の対照が効いている)。
  未測定 5-c. Day 7 第1・2脚(実回線)
        Wi-Fi→セルラー切替 / 機内モード往復 は Tom の iPhone が要る。HANDOFF §4 の 8-b。サーバ側は 5-b で閉じているので、実機で赤が出たら原因は電話側だと先に絞れる
  緑    6-a. §5-6 待たされない(定数)
        読む 8 秒 / 待つ 30 秒 / 書く 30 秒 の3本と server 側の写しが在る
  緑    6-b. §5-6 待たされない(検査)
        5 本、全部が disk に在り同じ log に passed。定数どうしの関係 + 計器の陰性対照2本
  未測定 6-c. §5-6 電話の側の体感
        Mac からは 同一接続 10.6ms / 新規接続 45-52ms / 冷えた1回目 870ms。電話の数字は Tom の iPhone が要る。行き先は DESIGN §8-10 と HANDOFF §4 の 8-a(両方の実在を照合済み)
  緑    7. §5-7 所有して拡張できる
        外部 package 0 / Package.resolved 無し / import は Apple 標準のみ(Foundation os Security SwiftUI)
  赤    9. §5-9 期限性(渡米後も作れる)
        日本に残す 2 台のうち 2 台に生きた期限が在る( 140日(2026-12-25) 43日(2026-09-19))。切れたら復旧はその機械の前 = 渡米後は届かない。DESIGN §8-5(締切 2026-09-19、Tom の操作)
  緑    10. 証跡 sprint6-acceptance.md
        この道具を名指しし、引用した 21 種は全部実在し、未測定の行が残っている

=== 合計: 緑 12 / 赤 1 / 未測定 2 ===
  未測定を緑にも赤にも丸めない。5-c と 6-c は Tom の iPhone が要る(HANDOFF §4 の 8-a / 8-b)。
  0 と 5-b は DOD_FULL=1 で実測する。
EXIT=1
